// Jest Snapshot v1, https://goo.gl/fbAQLP

exports[`Sidebar test cases should render correctly 1`] = `<div />`;
