// Jest Snapshot v1, https://goo.gl/fbAQLP

exports[`StudentFormModal test cases should render correctly 1`] = `
<div
  aria-hidden="true"
  data-aria-hidden="true"
/>
`;
