// Jest Snapshot v1, https://goo.gl/fbAQLP

exports[`Pagination test cases should render correctly 1`] = `
<div>
  <div
    class="css-vxgoms"
  >
    <button
      class="chakra-button css-1vj0tun"
      data-active=""
      type="button"
      value="1"
    >
      1
    </button>
    <button
      class="chakra-button css-1vj0tun"
      type="button"
      value="2"
    >
      2
    </button>
    <button
      class="chakra-button css-1vj0tun"
      type="button"
      value="3"
    >
      3
    </button>
    <button
      class="chakra-button css-1vj0tun"
      type="button"
      value="4"
    >
      4
    </button>
    <button
      class="chakra-button css-1vj0tun"
      type="button"
      value="5"
    >
      5
    </button>
  </div>
</div>
`;
